// Jest Snapshot v1, https://goo.gl/fbAQLP

exports[`Avatar Renders Avatar 1`] = `
<div
  className="sc-AykKC bkEdCw"
/>
`;
