// Jest Snapshot v1, https://goo.gl/fbAQLP

exports[`Colombia Renders Colombia 1`] = `
<div
  className="sc-AykKC fclvYn"
/>
`;
