// Jest Snapshot v1, https://goo.gl/fbAQLP

exports[`ContentGradient Renders ContentGradient 1`] = `
<div
  className="sc-AykKC cKmjPM"
/>
`;
