// Jest Snapshot v1, https://goo.gl/fbAQLP

exports[`H2 Renders H2 1`] = `
<h2
  className="sc-AykKC fQBrr"
/>
`;
