// Jest Snapshot v1, https://goo.gl/fbAQLP

exports[`Header Renders Header 1`] = `
<div>
  <WithStyles(ForwardRef(AppBar))
    position="static"
  >
    <WithStyles(ForwardRef(Toolbar))>
      <WithStyles(ForwardRef(IconButton))
        aria-label="menu"
        color="inherit"
        edge="start"
      >
        <MenuIcon />
      </WithStyles(ForwardRef(IconButton))>
      <Logo />
    </WithStyles(ForwardRef(Toolbar))>
  </WithStyles(ForwardRef(AppBar))>
</div>
`;
