// Jest Snapshot v1, https://goo.gl/fbAQLP

exports[`Portfolio Renders Header 1`] = `<Profile />`;
