// Jest Snapshot v1, https://goo.gl/fbAQLP

exports[`Profile Renders Profile 1`] = `
<WithStyles(ForwardRef(Container))
  fixed={true}
>
  <styled.div>
    <AvatarContainer />
    <Memo(wrappedComponent) />
  </styled.div>
</WithStyles(ForwardRef(Container))>
`;
